
> bunzo-egyptian-burgers@1.0.0 build
> tsc -b && vite build

src/components/AddRecipe.tsx(8,10): error TS2305: Module '"../types/burger"' has no exported member 'RecipeType'.
src/components/RecipeShortList.tsx(7,10): error TS2305: Module '"../types/burger"' has no exported member 'RecipeType'.
src/components/RecipeShortList.tsx(18,5): error TS2339: Property 'deleteRecipe' does not exist on type '{ burgerData: BurgerType[]; isLoading: boolean; error: string | null; fetchBurgers: () => Promise<void>; addBurger: (burger: BurgerType) => Promise<BurgerType | null>; editBurger: (id: number | undefined, burger: BurgerType) => Promise<...>; deleteBurger: (id: number | undefined) => Promise<...>; toggleFavorite: (id...'.
src/components/RecipeShortList.tsx(19,5): error TS2339: Property 'editRecipe' does not exist on type '{ burgerData: BurgerType[]; isLoading: boolean; error: string | null; fetchBurgers: () => Promise<void>; addBurger: (burger: BurgerType) => Promise<BurgerType | null>; editBurger: (id: number | undefined, burger: BurgerType) => Promise<...>; deleteBurger: (id: number | undefined) => Promise<...>; toggleFavorite: (id...'.
src/components/RecipeShortList.tsx(20,5): error TS2339: Property 'recipeData' does not exist on type '{ burgerData: BurgerType[]; isLoading: boolean; error: string | null; fetchBurgers: () => Promise<void>; addBurger: (burger: BurgerType) => Promise<BurgerType | null>; editBurger: (id: number | undefined, burger: BurgerType) => Promise<...>; deleteBurger: (id: number | undefined) => Promise<...>; toggleFavorite: (id...'.
src/components/RecipeShortList.tsx(49,42): error TS7006: Parameter 'recipe' implicitly has an 'any' type.
src/components/RecipeShortList.tsx(73,11): error TS2322: Type '{ handleForm: () => void; editRecipe: any; initialRecipe: any; }' is not assignable to type 'IntrinsicAttributes & { handleForm: () => void; editBurger: (id: number | undefined, burger: BurgerType) => Promise<void | BurgerType>; initialBurger: BurgerType | null; }'.
  Property 'editRecipe' does not exist on type 'IntrinsicAttributes & { handleForm: () => void; editBurger: (id: number | undefined, burger: BurgerType) => Promise<void | BurgerType>; initialBurger: BurgerType | null; }'.
src/components/RecipeSideList.tsx(7,11): error TS2339: Property 'recipeData' does not exist on type '{ burgerData: BurgerType[]; isLoading: boolean; error: string | null; fetchBurgers: () => Promise<void>; addBurger: (burger: BurgerType) => Promise<BurgerType | null>; editBurger: (id: number | undefined, burger: BurgerType) => Promise<...>; deleteBurger: (id: number | undefined) => Promise<...>; toggleFavorite: (id...'.
src/pages/Recipes.tsx(217,11): error TS2322: Type '{ AddBurger: (burger: any) => Promise<void>; handleForm: () => void; }' is not assignable to type 'IntrinsicAttributes & { handleForm: () => void; AddRecipe: (recipe: RecipeType) => Promise<void>; }'.
  Property 'AddBurger' does not exist on type 'IntrinsicAttributes & { handleForm: () => void; AddRecipe: (recipe: RecipeType) => Promise<void>; }'.
src/pages/Recipes.tsx(217,29): error TS7006: Parameter 'burger' implicitly has an 'any' type.
src/utils/arrayHelpers.ts(1,10): error TS2305: Module '"../types/burger"' has no exported member 'RecipeType'.
